Imported region: 0.23s
Imported nation: 0.25s
Imported supplier: 0.23s
Imported customer: 0.72s
Imported part: 0.63s
Imported partsupp: 2.68s
Imported orders: 4.97s
Imported lineitem: 17.00s
baseline T04 r0 E=1552 A=1620 time=8.682ms
baseline S16 r0 E=30 A=3000 time=9.433ms
baseline T01 r0 E=731600 A=729413 time=97.009ms
baseline T03 r0 E=907803 A=909455 time=355.506ms
baseline T07 r0 E=64271 A=61850 time=692.4ms
baseline T10 r0 E=105 A=118 time=17.997ms
baseline T09 r0 E=316503 A=30519 time=664.591ms
baseline S15 r0 E=30 A=30 time=9.329ms
baseline S19 r0 E=8 A=1515 time=9.179ms
baseline S14 r0 E=3000 A=3000 time=8.368ms
baseline T08 r0 E=400 A=396 time=0.826ms
baseline T11 r0 E=182589 A=184082 time=483.691ms
baseline T02 r0 E=20654 A=19472 time=68.764ms
baseline S20 r0 E=30 A=3000 time=13.081ms
baseline S17 r0 E=30 A=0 time=12.661ms
baseline S13 r0 E=3000 A=3000 time=11.931ms
baseline T12 r0 E=7304 A=7243 time=570.102ms
baseline S18 r0 E=75000 A=150000 time=19.312ms
baseline T05 r0 E=30095 A=30142 time=14.283ms
baseline T06 r0 E=300950 A=303959 time=183.632ms
baseline S13 r1 E=3000 A=3000 time=12.677ms
baseline T03 r1 E=907803 A=909455 time=354.266ms
baseline S18 r1 E=75000 A=150000 time=18.147ms
baseline T12 r1 E=7304 A=7243 time=611.245ms
baseline T04 r1 E=1552 A=1620 time=17.652ms
baseline T06 r1 E=300950 A=303959 time=202.569ms
baseline T08 r1 E=400 A=396 time=1.391ms
baseline S19 r1 E=8 A=1515 time=13.019ms
baseline S15 r1 E=30 A=30 time=14.832ms
baseline S14 r1 E=3000 A=3000 time=12.524ms
baseline T07 r1 E=64271 A=61850 time=690.653ms
baseline T10 r1 E=105 A=118 time=20.424ms
baseline T02 r1 E=20654 A=19472 time=71.386ms
baseline T09 r1 E=316503 A=30519 time=699.345ms
baseline S17 r1 E=30 A=0 time=10.189ms
baseline S16 r1 E=30 A=3000 time=10.585ms
baseline T05 r1 E=30095 A=30142 time=10.272ms
baseline T11 r1 E=182589 A=184082 time=363.256ms
baseline S20 r1 E=30 A=3000 time=16.619ms
baseline T01 r1 E=731600 A=729413 time=104.906ms
baseline T07 r2 E=64271 A=61850 time=702.2ms
baseline S20 r2 E=30 A=3000 time=10.845ms
baseline T01 r2 E=731600 A=729413 time=102.519ms
baseline S19 r2 E=8 A=1515 time=13.147ms
baseline S15 r2 E=30 A=30 time=14.596ms
baseline T05 r2 E=30095 A=30142 time=15.406ms
baseline S14 r2 E=3000 A=3000 time=14.212ms
baseline S18 r2 E=75000 A=150000 time=22.689ms
baseline T08 r2 E=400 A=396 time=1.506ms
baseline T03 r2 E=907803 A=909455 time=376.313ms
baseline T11 r2 E=182589 A=184082 time=376.316ms
baseline S17 r2 E=30 A=0 time=13.452ms
baseline T12 r2 E=7304 A=7243 time=542.341ms
baseline T04 r2 E=1552 A=1620 time=16.304ms
baseline S16 r2 E=30 A=3000 time=12.154ms
baseline T09 r2 E=316503 A=30519 time=707.655ms
baseline S13 r2 E=3000 A=3000 time=12.206ms
baseline T10 r2 E=105 A=118 time=21.342ms
baseline T02 r2 E=20654 A=19472 time=73.491ms
baseline T06 r2 E=300950 A=303959 time=187.244ms
baseline S19 r3 E=8 A=1515 time=12.81ms
baseline T03 r3 E=907803 A=909455 time=384.052ms
baseline T12 r3 E=7304 A=7243 time=573.589ms
baseline T08 r3 E=400 A=396 time=1.283ms
baseline T07 r3 E=64271 A=61850 time=731.793ms
baseline T04 r3 E=1552 A=1620 time=16.573ms
baseline T06 r3 E=300950 A=303959 time=185.074ms
baseline S17 r3 E=30 A=0 time=12.512ms
baseline S16 r3 E=30 A=3000 time=10.407ms
baseline T11 r3 E=182589 A=184082 time=397.346ms
baseline S15 r3 E=30 A=30 time=12.904ms
baseline T01 r3 E=731600 A=729413 time=101.956ms
baseline S14 r3 E=3000 A=3000 time=11.629ms
baseline S20 r3 E=30 A=3000 time=13.219ms
baseline T02 r3 E=20654 A=19472 time=73.303ms
baseline T05 r3 E=30095 A=30142 time=15.392ms
baseline S13 r3 E=3000 A=3000 time=11.661ms
baseline T10 r3 E=105 A=118 time=26.022ms
baseline S18 r3 E=75000 A=150000 time=19.043ms
baseline T09 r3 E=316503 A=30519 time=697.031ms
reanalyze_control S13 r0 E=3000 A=3000 time=9.188ms
reanalyze_control S16 r0 E=30 A=3000 time=11.753ms
reanalyze_control S19 r0 E=8 A=1515 time=11.367ms
reanalyze_control S20 r0 E=30 A=3000 time=11.282ms
reanalyze_control S17 r0 E=30 A=0 time=9.93ms
reanalyze_control S14 r0 E=3000 A=3000 time=9.039ms
reanalyze_control S18 r0 E=75000 A=150000 time=17.155ms
reanalyze_control S15 r0 E=30 A=30 time=9.421ms
reanalyze_control S18 r1 E=75000 A=150000 time=16.323ms
reanalyze_control S19 r1 E=8 A=1515 time=9.965ms
reanalyze_control S16 r1 E=30 A=3000 time=9.813ms
reanalyze_control S14 r1 E=3000 A=3000 time=9.709ms
reanalyze_control S15 r1 E=30 A=30 time=10.254ms
reanalyze_control S20 r1 E=30 A=3000 time=13.192ms
reanalyze_control S17 r1 E=30 A=0 time=9.822ms
reanalyze_control S13 r1 E=3000 A=3000 time=9.498ms
reanalyze_control S14 r2 E=3000 A=3000 time=8.86ms
reanalyze_control S19 r2 E=8 A=1515 time=9.399ms
reanalyze_control S17 r2 E=30 A=0 time=10.099ms
reanalyze_control S18 r2 E=75000 A=150000 time=20.196ms
reanalyze_control S16 r2 E=30 A=3000 time=9.634ms
reanalyze_control S20 r2 E=30 A=3000 time=10.969ms
reanalyze_control S13 r2 E=3000 A=3000 time=10.586ms
reanalyze_control S15 r2 E=30 A=30 time=10.636ms
reanalyze_control S19 r3 E=8 A=1515 time=9.365ms
reanalyze_control S18 r3 E=75000 A=150000 time=16.127ms
reanalyze_control S13 r3 E=3000 A=3000 time=9.383ms
reanalyze_control S14 r3 E=3000 A=3000 time=9.243ms
reanalyze_control S16 r3 E=30 A=3000 time=15.067ms
reanalyze_control S15 r3 E=30 A=30 time=9.376ms
reanalyze_control S20 r3 E=30 A=3000 time=11.666ms
reanalyze_control S17 r3 E=30 A=0 time=9.86ms
extended S13 r0 E=3000 A=3000 time=9.873ms
extended S16 r0 E=3000 A=3000 time=12.438ms
extended S19 r0 E=1515 A=1515 time=9.516ms
extended S20 r0 E=30 A=3000 time=13.813ms
extended S17 r0 E=1 A=0 time=10.3ms
extended S14 r0 E=3000 A=3000 time=9.669ms
extended S18 r0 E=150000 A=150000 time=17.223ms
extended S15 r0 E=30 A=30 time=10.384ms
extended S18 r1 E=150000 A=150000 time=16.99ms
extended S19 r1 E=1515 A=1515 time=12.487ms
extended S16 r1 E=3000 A=3000 time=9.61ms
extended S14 r1 E=3000 A=3000 time=10.896ms
extended S15 r1 E=30 A=30 time=12.246ms
extended S20 r1 E=30 A=3000 time=13.683ms
extended S17 r1 E=1 A=0 time=12.613ms
extended S13 r1 E=3000 A=3000 time=10.811ms
extended S14 r2 E=3000 A=3000 time=9.297ms
extended S19 r2 E=1515 A=1515 time=9.416ms
extended S17 r2 E=1 A=0 time=10.587ms
extended S18 r2 E=150000 A=150000 time=18.588ms
extended S16 r2 E=3000 A=3000 time=9.792ms
extended S20 r2 E=30 A=3000 time=11.456ms
extended S13 r2 E=3000 A=3000 time=9.007ms
extended S15 r2 E=30 A=30 time=11.898ms
extended S19 r3 E=1515 A=1515 time=9.559ms
extended S18 r3 E=150000 A=150000 time=17.716ms
extended S13 r3 E=3000 A=3000 time=8.983ms
extended S14 r3 E=3000 A=3000 time=9.42ms
extended S16 r3 E=3000 A=3000 time=9.843ms
extended S15 r3 E=30 A=30 time=9.687ms
extended S20 r3 E=30 A=3000 time=11.26ms
extended S17 r3 E=1 A=0 time=17.332ms
Completed: 144 plan executions, 364 node records
