2026-10-02 12:40:12,900 INFO Generation begins: DuckDB=1.5.6 Python=3.12.14 sf=1 output=D:\数据库小组作业\实验工作区\data\tpch_sf1
2026-10-02 12:40:17,882 INFO Extension metadata: [{'extension_name': 'tpch', 'loaded': True, 'installed': True, 'install_path': 'D:\\数据库小组作业\\实验工作区\\.duckdb_extensions\\v1.5.6\\windows_amd64\\tpch.duckdb_extension', 'description': 'Adds TPC-H data generation and query support', 'aliases': array([], dtype=object), 'extension_version': 'v1.5.6', 'install_mode': 'REPOSITORY', 'installed_from': 'core'}]
2026-10-02 12:40:17,884 INFO Running CALL dbgen(sf=1)
2026-10-02 12:40:27,083 INFO dbgen completed after 14.18 seconds
2026-10-02 12:40:27,130 INFO Exported region: rows=5 bytes=384 sha256=2b12cdddbe69a491b2bf6bea9bc33d4781c56fa4c5cb7f9702860618221c85f2
2026-10-02 12:40:27,139 INFO Exported nation: rows=25 bytes=2199 sha256=7986406c8b57b41e274247d514dc2e837769073533e1f7fe3463767798367ec6
2026-10-02 12:40:27,154 INFO Exported supplier: rows=10000 bytes=1419184 sha256=4956b4b79f2302e68bc21d4a5a57588bd6c4014dc70ac3f59ddf18d96944fa9a
2026-10-02 12:40:27,257 INFO Exported customer: rows=150000 bytes=24496144 sha256=3926b8b9102375a443f7df394d0e166d98a135d5b118be66cfba090b890aae65
2026-10-02 12:40:27,352 INFO Exported part: rows=200000 bytes=24735125 sha256=811268f50bac603461087f4f1fdb4503740cb15ab69da543ace4b441415f74c4
2026-10-02 12:40:27,562 INFO Exported partsupp: rows=800000 bytes=118184616 sha256=b8b9fe77c1c3f7ef7aeb5672f0669b56e0165d09ad609880c583f93d7d6f4216
2026-10-02 12:40:27,926 INFO Exported orders: rows=1500000 bytes=173452161 sha256=009e794cc3f686fc8a47f65a243221aa102e156bfa8017bc58027eb6c42f8510
2026-10-02 12:40:29,568 INFO Exported lineitem: rows=6001215 bytes=771865717 sha256=f65880e0456f529facadd027020190cac4f4bd2bb56cddd650f80a9341249681
2026-10-02 12:40:29,640 INFO Generation complete in 16.74 seconds; metadata.json and schema.sql written.
2026-10-04 18:04:27,720 INFO Generation begins: DuckDB=1.5.6 Python=3.12.15 sf=1.0 output=E:\野鸡大学\5大三上\数据库小组作业\sql-ai-cardinality-lab\data\tpch_sf1
2026-10-04 18:04:29,193 INFO Extension metadata: [{'extension_name': 'tpch', 'loaded': True, 'installed': True, 'install_path': 'E:\\野鸡大学\\5大三上\\数据库小组作业\\sql-ai-cardinality-lab\\.duckdb_extensions\\v1.5.6\\windows_amd64\\tpch.duckdb_extension', 'description': 'Adds TPC-H data generation and query support', 'aliases': [], 'extension_version': 'v1.5.6', 'install_mode': 'REPOSITORY', 'installed_from': 'core'}]
2026-10-04 18:04:29,199 INFO Running CALL dbgen(sf=1.0)
2026-10-04 18:04:53,992 INFO dbgen completed after 26.27 seconds
2026-10-04 18:04:54,412 INFO Exported region: rows=5 bytes=384 sha256=2b12cdddbe69a491b2bf6bea9bc33d4781c56fa4c5cb7f9702860618221c85f2
2026-10-04 18:04:54,447 INFO Exported nation: rows=25 bytes=2199 sha256=7986406c8b57b41e274247d514dc2e837769073533e1f7fe3463767798367ec6
2026-10-04 18:04:54,492 INFO Exported supplier: rows=10000 bytes=1419184 sha256=4956b4b79f2302e68bc21d4a5a57588bd6c4014dc70ac3f59ddf18d96944fa9a
2026-10-04 18:04:54,770 INFO Exported customer: rows=150000 bytes=24496144 sha256=3926b8b9102375a443f7df394d0e166d98a135d5b118be66cfba090b890aae65
2026-10-04 18:04:55,020 INFO Exported part: rows=200000 bytes=24735125 sha256=811268f50bac603461087f4f1fdb4503740cb15ab69da543ace4b441415f74c4
2026-10-04 18:04:55,542 INFO Exported partsupp: rows=800000 bytes=118184616 sha256=b8b9fe77c1c3f7ef7aeb5672f0669b56e0165d09ad609880c583f93d7d6f4216
2026-10-04 18:04:56,384 INFO Exported orders: rows=1500000 bytes=173452161 sha256=009e794cc3f686fc8a47f65a243221aa102e156bfa8017bc58027eb6c42f8510
2026-10-04 18:05:00,584 INFO Exported lineitem: rows=6001215 bytes=771865717 sha256=f65880e0456f529facadd027020190cac4f4bd2bb56cddd650f80a9341249681
2026-10-04 18:05:00,803 INFO Generation complete in 33.08 seconds; metadata.json and schema.sql written.
